
> @resilientmq/core@2.1.2 test
> jest --config test/jest.config.js --forceExit test/unit

node.exe : PASS test/unit/resilience/resilient-event-publisher-pending-events.test.ts (12.2 s)
En C:\Users\hector.arrechea\AppData\Roaming\JetBrains\WebStorm2025.1\node\versions\22.16.0\npm.ps1: 29 Carácter: 3
+   & $NODE_EXE $NPM_CLI_JS $args
+   ~~~~~~~~~~~~~~~~~~~~~~~~~~~~~
    + CategoryInfo          : NotSpecified: (PASS test/unit/...est.ts (12.2 s):String) [], RemoteException
    + FullyQualifiedErrorId : NativeCommandError
 
  ResilientEventPublisher - Pending Events Processing
    processPendingEvents with rate limiting
      ÔêÜ should process events respecting maxPublishesPerSecond rate limit (1557 ms)
      ÔêÜ should handle high concurrency with rate limiting (1564 ms)
      ÔêÜ should handle errors during rate-limited processing (1250 ms)
      ÔêÜ should process empty event list without errors (2 ms)
      ÔêÜ should handle single event processing (3 ms)
      ÔêÜ should respect token bucket refill rate (1238 ms)
      ÔêÜ should handle concurrent processing with token bucket (534 ms)
      ÔêÜ should process multiple batches with rate limiting (3626 ms)
    configuration validation
      ÔêÜ should throw error for invalid batchSize (35 ms)
      ÔêÜ should throw error for invalid maxPublishesPerSecond (2 ms)
      ÔêÜ should throw error for invalid maxConcurrentPublishes (1 ms)
      ÔêÜ should throw error for non-integer batchSize (2 ms)
      ÔêÜ should use default values when options not provided (1 ms)
    metrics tracking
      ÔêÜ should track successful publishes in metrics (2 ms)
      ÔêÜ should track errors in metrics (2 ms)
    batch status updates
      ÔêÜ should use batchUpdateEventStatus when available (843 ms)
      ÔêÜ should fallback to individual updates if batchUpdateEventStatus fails (lines 511-516) (379 ms)
      ÔêÜ should use individual updates in parallel when batchUpdateEventStatus not available (lines 519-521) (23 ms)

(node:38776) MaxListenersExceededWarning: Possible EventEmitter memory leak detected. 11 SIGTERM listeners added to 
[process]. MaxListeners is 10. Use emitter.setMaxListeners() to increase limit
(Use `node --trace-warnings ...` to show where the warning was created)
(node:38776) MaxListenersExceededWarning: Possible EventEmitter memory leak detected. 11 SIGINT listeners added to [process]. 
MaxListeners is 10. Use emitter.setMaxListeners() to increase limit
PASS test/unit/resilience/resilient-consumer.test.ts
  ResilientConsumer
    constructor
      ÔêÜ should create consumer with valid configuration (1 ms)
      ÔêÜ should throw error when consumeQueue.queue is missing (16 ms)
      ÔêÜ should throw error when eventsToProcess is empty (2 ms)
    start
      ÔêÜ should check store connection before starting (2 ms)
      ÔêÜ should throw error when store connection fails (2018 ms)
      ÔêÜ should work without store configured (4 ms)
      ÔêÜ should exit checkStoreConnection early if no store is configured (3 ms)
      ÔêÜ should check store connection before initializing processor when store is disconnected (2 ms)
    retry logic
      ÔêÜ should configure retry queue when provided (2 ms)
      ÔêÜ should configure dead letter queue when provided (1 ms)
    exchange binding
      ÔêÜ should bind to multiple exchanges with routing keys (2 ms)
    middleware
      ÔêÜ should execute middleware before handler (1 ms)
    prefetch
      ÔêÜ should use default prefetch of 10 when not specified (1 ms)
      ÔêÜ should use custom prefetch when specified (1 ms)
    stop
      ÔêÜ should be able to stop consumer (2 ms)
    ignoreUnknownEvents
      ÔêÜ should configure ignoreUnknownEvents when set to true (4 ms)
      ÔêÜ should not ignore unknown events by default (1 ms)
    reconnection
      ÔêÜ should configure reconnect delay when specified (1 ms)
    maxUptimeMs
      ÔêÜ should configure max uptime when specified (1 ms)
    retry queue with exchange
      ÔêÜ should configure retry queue with exchange and binding (2 ms)
      ÔêÜ should configure retry queue with main exchange when exchanges are present (1 ms)
    DLQ-only configuration
      ÔêÜ should configure main queue DLX to DLQ exchange when no retry queue (1 ms)
    store reconnection during consume
      ÔêÜ should attempt store reconnection when store is disconnected during message processing (3 ms)
      ÔêÜ should re-throw error and decrement processing count if processing fails natively (2 ms)
    idle monitor
      ÔêÜ should skip idle check if reconnecting (120 ms)
      ÔêÜ should stop consumer after max idle checks (306 ms)
      ÔêÜ should check retry queue in idle monitor when retry queue is configured (112 ms)
    heartbeat and reconnection flow
      ÔêÜ should reconnect when heartbeat fails (216 ms)
      ÔêÜ should schedule reconnection after maxUptimeMs (315 ms)
      ÔêÜ should handle errors during cleanup in reconnect logic (4 ms)
      ÔêÜ should catch error if setupAndConsume fails during reconnect (59 ms)
      ÔêÜ should catch error in revertRetryEvents when store.getEventsByStatus throws (1 ms)
      ÔêÜ should check store connection inside consume callback when storeConnected is false (2 ms)
      ÔêÜ should log error when idle check throws (132 ms)
      ÔêÜ should call checkStoreConnection in setupAndConsume when store is configured but not connected (2 ms)

PASS test/unit/resilience/resilient-event-publisher.test.ts
  ResilientEventPublisher
    constructor
      ÔêÜ should create publisher with valid configuration (2 ms)
      ÔêÜ should throw error when instantPublish is false without store (18 ms)
      ÔêÜ should throw error when store lacks getPendingEvents method (2 ms)
      ÔêÜ should throw error when neither queue nor exchange is configured (1 ms)
    publish
      ÔêÜ should check for duplicate events before publishing (4 ms)
      ÔêÜ should save event to store before publishing (1 ms)
      ÔêÜ should update event status to PUBLISHED after successful publish (2 ms)
      ÔêÜ should only store event when storeOnly option is true (1 ms)
      ÔêÜ should work without store when instantPublish is true (2 ms)
      ÔêÜ should update status to ERROR when publish fails (2 ms)
    processPendingEvents
      ÔêÜ should not throw when store is not configured (1 ms)
      ÔêÜ should process all pending events (1 ms)
      ÔêÜ should fallback securely on store fatal errors in loop (2 ms)
      ÔêÜ should gracefully handle fatal loop processing failure for single item (162 ms)
      ÔêÜ should catch and throw overall error during pending events processing root try/catch (6 ms)
      ÔêÜ should handle non-array result from getPendingEvents using Array.from (8 ms)
      ÔêÜ should sort events without timestamp using 0 as fallback (7 ms)
      ÔêÜ should process events in chronological order (4 ms)
    exchange publishing
      ÔêÜ should publish to exchange with routing key (3 ms)
    error handling branches
      ÔêÜ should exit checkStoreConnection early if no store is configured (3 ms)
      ÔêÜ should log and swallow error if store.updateEventStatus throws while handling publish failure (3 ms)
      ÔêÜ should exit processPendingEvents early if store lacks getPendingEvents (3 ms)
      ÔêÜ should log error during init if store connection fails (2 ms)
      ÔêÜ should call handleStoreInitFailure when store connection fails in constructor (1 ms)
    disconnect
      ÔêÜ should disconnect from RabbitMQ and wait for pending ops (2 ms)
      ÔêÜ should log error if disconnect fails during idle timeout check (1 ms)
      ÔêÜ should skip idle disconnect if pending operations exist, and reschedule (87 ms)
      ÔêÜ should not disconnect if not connected (3 ms)
      ÔêÜ should clear idleTimer when disconnecting while timer is active (4 ms)
      ÔêÜ should reschedule idle monitoring when connected but pending ops > 0 (92 ms)
    isConnected
      ÔêÜ should return false when not connected (7 ms)
      ÔêÜ should return true after publishing (5 ms)
    pending events check interval
      ÔêÜ should start periodic check when instantPublish is false (4 ms)
      ÔêÜ should not start periodic check when instantPublish is true (2 ms)
      ÔêÜ should log warning when pendingEventsCheckIntervalMs is set with instantPublish true (3 ms)
      ÔêÜ should catch and log error when periodic processPendingEvents fails (83 ms)
      ÔêÜ should stop periodic check when stopPendingEventsCheck is called (2 ms)
      ÔêÜ should be safe to call stopPendingEventsCheck multiple times (1 ms)
    store connection retries
      ÔêÜ should retry store connection on failure and eventually throw after max retries (3 ms)
      ÔêÜ should retry store connection on failure and succeed (2 ms)
    idle timeout
      ÔêÜ should configure idle timeout when specified (3 ms)
      ÔêÜ should ignore idle monitoring when timeout is <= 0 (1 ms)
    reconnection bounds
      ÔêÜ should exit connect early if already connected and open (2 ms)
      ÔêÜ should reconnect if queue is marked closed (2 ms)
      ÔêÜ should wait when pendingOperations reaches maxConcurrentPublishes (52 ms)
    coverage for uncovered lines
      ÔêÜ should skip processPendingEvents when already processing (line 129-130) (2 ms)
      ÔêÜ should recover from channel error during publish (lines 321-347) (2 ms)
      ÔêÜ should handle empty events array in processEventsWithRateLimit (line 479) (1 ms)
      ÔêÜ should handle reconnectPromise already in progress (line 329-331) (106 ms)

PASS test/unit/resilience/consumer-graceful-shutdown-bug.test.ts
  Bug Condition Exploration ÔÇö Consumer Graceful Shutdown
    ÔêÜ TC1 ÔÇö stop() should wait for in-flight processing before returning (race condition) (320 ms)
    ÔêÜ TC2 ÔÇö AmqpQueue should have a pendingAcks counter (currently missing) (8 ms)
    ÔêÜ TC3 ÔÇö event in RETRY state should be moved to ERROR after stop() (eventsInRetryState > 0) (10 ms)
    ÔêÜ TC4 ÔÇö SIGTERM handler should be registered after start() (currently missing) (8 ms)

PASS test/unit/broker/amqp-queue.test.ts
  AmqpQueue
    connect
      ÔêÜ should connect to AMQP broker successfully (3 ms)
      ÔêÜ should use default prefetch of 1 when not specified (1 ms)
      ÔêÜ should throw error when connection fails (14 ms)
      ÔêÜ should throw error when channel creation fails (1 ms)
      ÔêÜ should set closed flag when connection closes (2 ms)
      ÔêÜ should handle connection and channel error events (1 ms)
    publish
      ÔêÜ should publish message to queue directly (2 ms)
      ÔêÜ should publish message to exchange with routing key (2 ms)
      ÔêÜ should use empty routing key when not provided (4 ms)
      ÔêÜ should use persistent delivery mode by default (2 ms)
      ÔêÜ should use custom properties when provided (1 ms)
    consume
      ÔêÜ should consume messages from queue (2 ms)
      ÔêÜ should ack message after successful processing (61 ms)
      ÔêÜ should handle exception during nack gracefully (56 ms)
      ÔêÜ should not nack if channel stream is not writable (67 ms)
      ÔêÜ should parse message payload correctly (4 ms)
      ÔêÜ should handle multiple consumers on different queues (1 ms)
    disconnect
      ÔêÜ should cancel all consumers before disconnecting (2 ms)
      ÔêÜ should wait for processing messages to complete (91 ms)
      ÔêÜ should close channel and connection (8 ms)
    close
      ÔêÜ should be an alias for disconnect (1 ms)
    getters
      ÔêÜ should expose connection getter (1 ms)
      ÔêÜ should expose channel getter (1 ms)
      ÔêÜ should expose prefetchCount getter (1 ms)
    disconnect edge cases
      ÔêÜ should handle cancel error (2 ms)
      ÔêÜ should do nothing if already closed (1 ms)
      ÔêÜ should handle channel close error (1 ms)
      ÔêÜ should handle connection close error (1 ms)
    forceClose
      ÔêÜ should force close channel and connection immediately (2 ms)
      ÔêÜ should swallow errors during force close (1 ms)

PASS test/unit/resilience/resilient-event-consume-processor.test.ts
  ResilientEventConsumeProcessor
    process
      ÔêÜ should mark event as DONE and not retry if IgnoredEventError is thrown (2 ms)
      ÔêÜ should process event with matching handler (1 ms)
      ÔêÜ should save event to store before processing (1 ms)
      ÔêÜ should update event status to PROCESSING before handler execution (1 ms)
      ÔêÜ should update event status to DONE after successful processing (1 ms)
      ÔêÜ should skip duplicate events on first attempt (1 ms)
      ÔêÜ should process duplicate events on retry attempts using x-retry-count (1 ms)
      ÔêÜ should fall back to x-death headers when x-retry-count is absent (backward compat) (1 ms)
      ÔêÜ should execute middleware before handler (2 ms)
      ÔêÜ should route to DLQ when handler fails and current attempt is the last one allowed (14 ms)
      ÔêÜ should publish to retry queue on error (not throw) (4 ms)
      ÔêÜ should send to DLQ after max attempts exceeded via x-retry-count (4 ms)
      ÔêÜ should hard guard at entry when x-retry-count >= maxAttempts (1 ms)
      ÔêÜ should update status to ERROR after sending to DLQ (2 ms)
      ÔêÜ should call onEventStart hook before processing (1 ms)
      ÔêÜ should skip event when onEventStart sets skipEvent flag (1 ms)
      ÔêÜ should call onSuccess hook after successful processing (1 ms)
      ÔêÜ should call onError hook when processing fails (1 ms)
      ÔêÜ should handle unknown event types gracefully (1 ms)
      ÔêÜ should work without store configured (1 ms)
      ÔêÜ should prefer x-retry-count over x-death headers (1 ms)
      ÔêÜ should use default maxAttempts of 3 when not configured (1 ms)
      ÔêÜ should increment x-retry-count on each retry (1 ms)
      ÔêÜ should discard message when max retries exceeded and no DLQ configured (1 ms)
      ÔêÜ should treat NaN x-retry-count as 0 (first attempt) (1 ms)
      ÔêÜ should treat negative x-retry-count as 0 (first attempt) (2 ms)
      ÔêÜ should accept string x-retry-count and coerce to number (3 ms)
      ÔêÜ should ACK (not throw) when retry queue publish fails (safety net) (1 ms)
      ÔêÜ should route to DLQ when no retry queue configured and handler fails (2 ms)
      ÔêÜ should discard when no retry queue and no DLQ configured and handler fails (1 ms)
      ÔêÜ should treat NaN x-death count as 0 (fallback path) (1 ms)
      ÔêÜ should treat negative x-death count as 0 (fallback path) (1 ms)
      ÔêÜ should treat x-death count of 0 as 0 (falsy branch in || 0) (1 ms)
      ÔêÜ should treat x-death with missing count as 0 (undefined || 0) (1 ms)
      ÔêÜ should use err.reason as x-death-reason when present in DLQ event (1 ms)
      ÔêÜ should preserve existing x-first-death-reason header in DLQ event (2 ms)
      ÔêÜ should use retry exchange routing key when publishing to retry queue (1 ms)
      ÔêÜ should fall back to event.routingKey when retry exchange has no routingKey (1 ms)
      ÔêÜ should ACK (not throw) when internal DLQ publish fails in safety wrapper (2 ms)
      ÔêÜ should call onError when events.onError is defined but onSuccess is not (1 ms)
      ÔêÜ should handle sendToDlqOrDiscard when events is defined but onError is undefined (1 ms)
      ÔêÜ should handle DLQ event when event.properties is undefined (1 ms)
      ÔêÜ should fall back to event.routingKey in retry queue when no exchange configured (1 ms)
      ÔêÜ should handle DLQ event when event.properties exists but headers is undefined (3 ms)
      ÔêÜ should handle DLQ event when err.stack is undefined (1 ms)

PASS test/unit/resilience/middleware.test.ts
  Middleware
    applyMiddleware
      ÔêÜ should execute middleware in sequential order (2 ms)
      ÔêÜ should call handler after all middleware (1 ms)
      ÔêÜ should propagate context through middleware chain (1 ms)
      ÔêÜ should allow middleware to modify context (1 ms)
      ÔêÜ should stop execution when middleware does not call next (1 ms)
      ÔêÜ should handle errors thrown in middleware (8 ms)
      ÔêÜ should propagate errors from handler through middleware (1 ms)
      ÔêÜ should allow middleware to catch and handle errors (3 ms)
      ÔêÜ should work with empty middleware array (1 ms)
      ÔêÜ should work with single middleware
      ÔêÜ should allow middleware to execute code after handler (1 ms)
      ÔêÜ should handle async operations in middleware (26 ms)
      ÔêÜ should maintain correct execution order with multiple async middleware (49 ms)
      ÔêÜ should allow middleware to add metadata to context (3 ms)
      ÔêÜ should handle middleware that conditionally calls next (3 ms)
      ÔêÜ should not call handler when middleware condition fails (2 ms)

PASS test/unit/resilience/consumer-graceful-shutdown-preservation.test.ts
  Preservation Property Tests ÔÇö Consumer Graceful Shutdown
    Observation 1 ÔÇö Normal successful processing ÔåÆ DONE
      ÔêÜ should update event status to DONE after successful handler execution (2 ms)
      ÔêÜ PBT ÔÇö for any successful event, status is always DONE (50 random inputs) (6 ms)
      ÔêÜ should work without store configured ÔÇö handler still called (1 ms)
    Observation 2 ÔÇö Handler fails with retries available ÔåÆ RETRY + retry queue
      ÔêÜ should update status to RETRY and publish to retry queue on handler failure (1 ms)
      ÔêÜ should increment x-retry-count on each retry attempt (2 ms)
      ÔêÜ PBT ÔÇö for any retryCount < maxAttempts-1, failing handler always produces RETRY (30 random inputs) (9 ms)
    Observation 3 ÔÇö Max retries exceeded ÔåÆ ERROR + DLQ
      ÔêÜ should update status to ERROR and publish to DLQ when max retries exceeded (12 ms)
      ÔêÜ should discard (no publish) when max retries exceeded and no DLQ configured (1 ms)
      ÔêÜ PBT ÔÇö for any retryCount >= maxAttempts, event always ends in ERROR (30 random inputs) (7 ms)
    Observation 4 ÔÇö Duplicate event (messageId in store, retryCount=0) ÔåÆ ignored
      ÔêÜ should skip handler for duplicate event on first attempt (1 ms)
      ÔêÜ should NOT skip handler for same messageId on retry attempt (retryCount > 0) (1 ms)
      ÔêÜ PBT ÔÇö duplicate events (retryCount=0) are always deduplicated (20 random event sets) (4 ms)
    Observation 5 ÔÇö Shutdown with no in-flight events ÔåÆ stop() completes normally
      ÔêÜ should stop cleanly when no events are in flight (2 ms)
      ÔêÜ should stop cleanly when store has only DONE events (no RETRY) (2 ms)
      ÔêÜ should stop cleanly when store has only ERROR events (no RETRY) (1 ms)
      ÔêÜ should stop cleanly without store configured (2 ms)
      ÔêÜ PBT ÔÇö stop() with no in-flight events always completes without error (20 random store states) (14 ms)
    Observation 6 ÔÇö Full consumer flow (no shutdown) preserves processing behavior
      ÔêÜ should process event to DONE via consumer consume callback (4 ms)
      ÔêÜ should process event to RETRY via consumer consume callback when handler fails (2 ms)
      ÔêÜ should increment and decrement processingCount correctly during normal processing (1 ms)

PASS test/unit/resilience/resilient-consumer-extended.test.ts
  ResilientConsumer - Extended Tests
    message processing
      ÔêÜ should process messages with correct handler (2 ms)
      ÔêÜ should handle message processing errors (2 ms)
    heartbeat monitoring
      ÔêÜ should start heartbeat with custom interval (3 ms)
      ÔêÜ should use default heartbeat interval (1 ms)
    idle monitoring
      ÔêÜ should not start idle monitor when exitIfIdle is false (2 ms)
      ÔêÜ should check main queue in idle monitor (1 ms)
      ÔêÜ should check retry queue in idle monitor when configured (2 ms)
    reconnection
      ÔêÜ should schedule reconnection when maxUptimeMs is configured (2 ms)
      ÔêÜ should not schedule reconnection when maxUptimeMs is 0 (1 ms)
      ÔêÜ should handle reconnection delay (2 ms)
    stop and cleanup
      ÔêÜ should stop consumer successfully (1 ms)
      ÔêÜ should clear all timers on stop (2 ms)
      ÔêÜ should not throw when stopping already stopped consumer (1 ms)
      ÔêÜ should handle errors during stop gracefully (1 ms)
      ÔêÜ should remove SIGTERM/SIGINT listeners on stop (2 ms)
    queue configuration
      ÔêÜ should assert consume queue with correct options (3 ms)
      ÔêÜ should configure DLQ with correct arguments (2 ms)
    reconnect
      ÔêÜ should not reconnect if already reconnecting (1 ms)
      ÔêÜ should execute reconnect flow and schedule restart (2 ms)
      ÔêÜ should handle errors during reconnect cleanup gracefully (1 ms)
    checkStoreConnection retry delay
      ÔêÜ should retry store connection with delay between attempts (32 ms)
    SIGTERM/SIGINT signal handlers
      ÔêÜ should invoke stop() when SIGTERM is emitted (1 ms)
      ÔêÜ should invoke stop() when SIGINT is emitted (2 ms)
  ResilientConsumer - Metrics
    ÔêÜ should return undefined from getMetrics() when metricsEnabled is false (1 ms)
    ÔêÜ should return a snapshot from getMetrics() when metricsEnabled is true (1 ms)
    ÔêÜ should increment messagesReceived and messagesProcessed on successful processing (1 ms)
    ÔêÜ should increment processingErrors when the consume callback itself throws (1 ms)

PASS test/unit/resilience/resilient-event-publisher-extended.test.ts
  ResilientEventPublisher - Extended Tests
    concurrent publishing
      ÔêÜ should handle concurrent publish operations (3 ms)
      ÔêÜ should publish multiple events sequentially (2 ms)
    store connection validation
      ÔêÜ should validate store connection before publishing (1 ms)
      ÔêÜ should check for duplicate messages (2 ms)
    pending events processing
      ÔêÜ should store events when storeOnly is true (1 ms)
      ÔêÜ should not process pending events when store is not configured (1 ms)
    configuration
      ÔêÜ should support idle timeout configuration (1 ms)
      ÔêÜ should support exchange configuration (2 ms)
    error handling
      ÔêÜ should handle publish errors (14 ms)
      ÔêÜ should handle processPendingEvents when one event fails to publish (2 ms)
      ÔêÜ should throw processPendingEvents when store lacks getPendingEvents (2 ms)
    connection recovery
      ÔêÜ should reconnect when queue was closed (1 ms)
      ÔêÜ should handle concurrent publishing without deadlock (22 ms)
  ResilientEventPublisher - Metrics
    ÔêÜ should return undefined from getMetrics() when metricsEnabled is false (2 ms)
    ÔêÜ should return a snapshot from getMetrics() when metricsEnabled is true (1 ms)
    ÔêÜ should increment messagesPublished on successful publish (1 ms)
    ÔêÜ should increment processingErrors on publish failure (3 ms)

PASS test/unit/resilience/dlq-handler.test.ts
  DLQHandler
    handleDLQ
      ÔêÜ should send message to DLQ when configured (2 ms)
      ÔêÜ should include error information in headers (8 ms)
      ÔêÜ should include death reason in headers (1 ms)
      ÔêÜ should set death reason to rejected when error is provided (1 ms)
      ÔêÜ should preserve existing event properties (1 ms)
      ÔêÜ should include error stack trace when available (2 ms)
      ÔêÜ should not send to DLQ when queue is not configured (1 ms)
      ÔêÜ should not send to DLQ when exchange is not configured (2 ms)
      ÔêÜ should handle missing original queue gracefully (1 ms)
      ÔêÜ should handle missing attempts gracefully
      ÔêÜ should preserve x-first-death headers from original message (1 ms)
      ÔêÜ should include death timestamp (1 ms)
      ÔêÜ should handle x-original-exchange and missing error stack (1 ms)
      ÔêÜ should use x-first-death-exchange when present (first OR branch) (2 ms)
      ÔêÜ should handle event with no properties (undefined properties) (1 ms)

PASS test/unit/metrics/metrics-collector.test.ts
  MetricsCollector
    initial state
      ÔêÜ should return zeroed counters on fresh instance (1 ms)
    increment()
      ÔêÜ should increment messagesReceived by 1
      ÔêÜ should increment messagesProcessed by 1 (1 ms)
      ÔêÜ should increment messagesRetried by 1 (1 ms)
      ÔêÜ should increment messagesFailed by 1
      ÔêÜ should increment messagesSentToDLQ by 1 (1 ms)
      ÔêÜ should increment messagesPublished by 1 (1 ms)
      ÔêÜ should increment processingErrors by 1
      ÔêÜ should accumulate multiple increments (1 ms)
      ÔêÜ should set lastActivityAt when incrementing (1 ms)
      ÔêÜ should update lastActivityAt on each increment (1 ms)
    recordProcessingTime()
      ÔêÜ should compute avgProcessingTimeMs from a single sample (1 ms)
      ÔêÜ should compute avgProcessingTimeMs from multiple samples
      ÔêÜ should set lastActivityAt when recording processing time (1 ms)
      ÔêÜ should return 0 avgProcessingTimeMs when no samples recorded (1 ms)
    getSnapshot()
      ÔêÜ should return an immutable copy (not the internal state) (1 ms)
      ÔêÜ should include all metric fields (4 ms)
    reset()
      ÔêÜ should reset all counters to zero (1 ms)
      ÔêÜ should allow accumulation after reset (1 ms)
      ÔêÜ should reset lastActivityAt to undefined
      ÔêÜ should reset avgProcessingTimeMs to 0 after recording times (1 ms)
    combined usage
      ÔêÜ should track a full message lifecycle (1 ms)
      ÔêÜ should track retry and failure lifecycle (1 ms)

PASS test/unit/logger/logger.test.ts
  Logger
    setLogLevel
      ÔêÜ should set log level to none (1 ms)
      ÔêÜ should set log level to error (1 ms)
      ÔêÜ should set log level to warn (2 ms)
      ÔêÜ should set log level to info (1 ms)
      ÔêÜ should set log level to debug (1 ms)
    log
      ÔêÜ should log error messages to console.error (1 ms)
      ÔêÜ should log warn messages to console.warn (1 ms)
      ÔêÜ should log info messages to console.info (1 ms)
      ÔêÜ should log debug messages to console.log (1 ms)
      ÔêÜ should include optional parameters (2 ms)
      ÔêÜ should handle multiple optional parameters (1 ms)
    setLogTimestamps
      ÔêÜ should include timestamps when enabled (1 ms)
      ÔêÜ should not include timestamps when disabled (1 ms)
      ÔêÜ should format timestamp in ISO format (1 ms)
    message formatting
      ÔêÜ should format message with timestamp prefix (2 ms)
      ÔêÜ should format message without timestamp when disabled (1 ms)
      ÔêÜ should preserve message content exactly (3 ms)

PASS test/unit/resilient-event-publisher-idle.test.ts
  ResilientEventPublisher - Idle Connection Management
    ÔêÜ should use default 10 second timeout when idleTimeoutMs is not configured (3 ms)
    ÔêÜ should close connection after idle timeout (1 ms)
    ÔêÜ should reconnect automatically when publishing after idle disconnect (2 ms)
    ÔêÜ should reset idle timer on each publish (2 ms)
    ÔêÜ should not start idle monitoring when idleTimeoutMs is 0 (1 ms)
    ÔêÜ should clear idle timer on manual disconnect (2 ms)

Test Suites: 14 passed, 14 total
Tests:       322 passed, 322 total
Snapshots:   0 total
Time:        18.32 s
Ran all test suites matching /test\\unit/i.
